Script started on Sat 22 Apr 2017 18:48:27 AEST
root@SysAdmin2017:/# crontab -e
no crontab for root - using an empty one
[1;30r[0;10m[4l[?7h[?25h[?0c[39;49m[39;49m[0;10m[H[J[0;10;7m  GNU nano 2.2.6        File: /tmp/crontab.zuPEbV/crontab                       [3;1H[0;10m# Edit this file to introduce tasks to be run by cron.[4d#[5d# Each task to run has to be defined through a single line[6d# indicating with different fields when the task will be run[7d# and what command to run for the task[8d#[9d# To define the time you can provide concrete values for[10d# minute (m), hour (h), day of month (dom), month (mon),[11d# and day of week (dow) or use '*' in these fields (for 'any').#[12d# Notice that tasks will be started based on the cron's system[13d# daemon's notion of time and timezones.[14d#[15d# Output of the crontab jobs (including errors) is sent through[16d# email to the user the crontab file belongs to (unless redirected).[17d#[18d# For example, you can run a backup of all your user accounts[19d# at 5 a.m every week with:[20d# 0 5 * * 1 tar -zcf /var/backups/home.tgz /home/[21d#[22d# For more information see the manual pages of crontab(5) and cron(8)[23d#[24d# m h  dom mon dow   command[28;32H[0;10;7m[ Read 22 lines ][29d^G[0;10m Get Help  [0;10;7m^O[0;10m WriteOut  [0;10;7m^R[0;10m Read File [0;10;7m^Y[0;10m Prev Page [0;10;7m^K[0;10m Cut Text  [0;10;7m^C[0;10m Cur Pos[30d[0;10;7m^X[0;10m Exit[14G[0;10;7m^J[0;10m Justify   [0;10;7m^W[0;10m Where Is  [0;10;7m^V[0;10m Next Page [0;10;7m^U[0;10m UnCut Text[0;10;7m^T[0;10m To Spell[3d[1;71H[0;10;7mModified[3d[0;10mi# Edit this file to introduce tasks to be run by cron.i[1P[4d[5d[6d[7d[8d[9d[10d[11d[12d[13d[14d[15d[16d[17d[18d[19d[20d[21d[22d[23d[24d[25d[28d[K[25d51 18 * * * 51[1P2 18 * * *52 18 * * * [26d[25;13Hecho "hello" >> > /usr/hello.txt[26d[28;31H[0;10;7m[ Unknown Command ][26d[0;10m[28d[0;10;7mSave modified buffer (ANSWERING "No" WILL DESTROY CHANGES) ?                    [29;1H Y[0;10m Yes[K[30d[0;10;7m N[0;10m No  [14G   [0;10;7m^C[0;10m Cancel[K[28;62H[0;10;7mFile Name to Write: /tmp/crontab.zuPEbV/crontab             [29d^G[0;10m Get Help[29;21H[0;10;7mM-D[0;10m DOS Format[41G[0;10;7mM-A[0;10m Append[29;61H[0;10;7mM-B[0;10m Backup File[30d[0;10;7m^C[0;10m Cancel[17G    [0;10;7mM-M[0;10m Mac Format[41G[0;10;7mM-P[0;10m Prepend[28;48H[29d[39;49m[0;10m[J[1;71H[0;10;7m        [28;31H[0;10m[1K [0;10;7m[ Wrote 24 lines ][0;10m[K[30;80H[30;1Hcrontab: installing new crontab
root@SysAdmin2017:/# cd /usr
root@SysAdmin2017:/usr# ls
bin  games  include  lib  local  sbin  share  src  var
root@SysAdmin2017:/usr# ls
bin  games  include  lib  local  sbin  share  src  var
root@SysAdmin2017:/usr# date
Saturday 22 April  18:51:57 AEST 2017
root@SysAdmin2017:/usr# date[2Pls
bin  games  include  lib  local  sbin  share  src  var
root@SysAdmin2017:/usr# lsdate
Saturday 22 April  18:52:07 AEST 2017
root@SysAdmin2017:/usr# date[2Pls
bin  games  hello.txt  include	lib  local  sbin  share  src  var
root@SysAdmin2017:/usr# cat hello.txt
hello
root@SysAdmin2017:/usr# exit
exit

Script done on Sat 22 Apr 2017 18:52:32 AEST
